// Jest Snapshot v1, https://goo.gl/fbAQLP

exports[`Test [Header] component Component [Header] should render correctly 1`] = `
<header
  className="shadow bg-blue-100"
>
  <div
    className="flex justify-between px-3 py-4"
  >
    <h1
      className="flex items-center"
    >
      <span
        className="text-lg font-semibold p-2 text-white bg-cyan-500 rounded-full shadow"
      >
        Meetup
      </span>
    </h1>
    <button
      className="bg-blue-500 hover:bg-blue-400 text-white font-bold py-2 px-4 border-b-4 border-blue-700 hover:border-blue-500 rounded "
      data-testid="add-button"
      disabled={false}
      type="button"
    >
      <a
        href="/meetings/AddMeetup"
        onClick={[Function]}
        onMouseEnter={[Function]}
        onTouchStart={[Function]}
      >
        Create New Meetup
      </a>
    </button>
  </div>
</header>
`;
